../Core/Src/main.c:106:5:main	160	static
../Core/Src/main.c:206:6:SystemClock_Config	88	static
../Core/Src/main.c:253:13:MX_ADC1_Init	24	static
../Core/Src/main.c:327:13:MX_I2C1_Init	8	static
../Core/Src/main.c:361:13:MX_USART1_UART_Init	8	static
../Core/Src/main.c:394:13:MX_USART3_UART_Init	8	static
../Core/Src/main.c:425:13:MX_DMA_Init	16	static
../Core/Src/main.c:443:13:MX_GPIO_Init	40	static
../Core/Src/main.c:469:6:initBff	24	static
../Core/Src/main.c:475:6:cleanBff	24	static
../Core/Src/main.c:492:6:StartDefaultTask	16	static
../Core/Src/main.c:514:6:StartTask02	32	static
../Core/Src/main.c:553:6:StartTask03	16	static
../Core/Src/main.c:571:6:StartTask04	16	static
../Core/Src/main.c:586:6:Error_Handler	4	static,ignoring_inline_asm
