../Core/Src/main.c:93:5:main	120	static
../Core/Src/main.c:182:6:SystemClock_Config	88	static
../Core/Src/main.c:229:13:MX_ADC1_Init	24	static
../Core/Src/main.c:303:13:MX_I2C1_Init	8	static
../Core/Src/main.c:335:13:MX_DMA_Init	16	static
../Core/Src/main.c:353:13:MX_GPIO_Init	24	static
../Core/Src/main.c:368:6:initBff	24	static
../Core/Src/main.c:374:6:cleanBff	24	static
../Core/Src/main.c:391:6:StartDefaultTask	24	static
../Core/Src/main.c:447:6:StartTask02	16	static
../Core/Src/main.c:466:6:StartTask03	16	static
../Core/Src/main.c:481:6:Error_Handler	4	static,ignoring_inline_asm
